== login ==
login ok: ['admin', 'finance', 'hr', 'marketing', 'owner']
preflight: business collections empty
== accounts ==
accounts: ['Kas Tunai', 'BCA Operasional', 'BRI LPK']
== employees ==
employees: 11
== users ==
users linked + guru accounts ok
== classes ==
classes: ['N5 A', 'N5 B', 'N4 A', 'N4 B', 'N3 A', 'N3 B']
== 78 active students ==
  [STUDENT 1/78]
  [STUDENT 6/78]
  [STUDENT 11/78]
  [STUDENT 16/78]
  [STUDENT 21/78]
  [STUDENT 26/78]
  [STUDENT 31/78]
  [STUDENT 36/78]
  [STUDENT 41/78]
  [STUDENT 46/78]
  [STUDENT 51/78]
  [STUDENT 56/78]
  [STUDENT 61/78]
  [STUDENT 66/78]
  [STUDENT 71/78]
  [STUDENT 76/78]
actives: 78
== alumni (18) ==
alumni: 18
== candidates (15) ==
candidates: 15
== attendance (8 minggu) ==
